---
source: src/config/config_file/rtx_toml.rs
expression: "replace_path(&format!(\"{:#?}\", cf.toolset))"
---
Toolset {
    versions: {
        "terraform": ToolVersionList {
            plugin_name: "terraform",
            versions: [],
            requests: [
                Version(
                    "1.0.0",
                    {},
                ),
            ],
            source: RtxToml(
                "~/fixtures/.rtx.toml",
            ),
        },
        "nodejs": ToolVersionList {
            plugin_name: "nodejs",
            versions: [],
            requests: [
                Version(
                    "16",
                    {},
                ),
                Prefix(
                    "18",
                    {},
                ),
                Ref(
                    "master",
                    {},
                ),
                Path(
                    "~/.nodes/14",
                    {},
                ),
            ],
            source: RtxToml(
                "~/fixtures/.rtx.toml",
            ),
        },
        "jq": ToolVersionList {
            plugin_name: "jq",
            versions: [],
            requests: [
                Prefix(
                    "1.6",
                    {},
                ),
            ],
            source: RtxToml(
                "~/fixtures/.rtx.toml",
            ),
        },
        "shellcheck": ToolVersionList {
            plugin_name: "shellcheck",
            versions: [],
            requests: [
                Version(
                    "0.9.0",
                    {},
                ),
            ],
            source: RtxToml(
                "~/fixtures/.rtx.toml",
            ),
        },
        "python": ToolVersionList {
            plugin_name: "python",
            versions: [],
            requests: [
                Version(
                    "3.10.0",
                    {
                        "venv": ".venv",
                    },
                ),
                Version(
                    "3.9.0",
                    {},
                ),
            ],
            source: RtxToml(
                "~/fixtures/.rtx.toml",
            ),
        },
    },
    source: Some(
        RtxToml(
            "~/fixtures/.rtx.toml",
        ),
    ),
    latest_versions: false,
}
