---
source: src/config/config_file/rtx_toml.rs
expression: cf.toolset
---
Toolset {
    versions: {
        "nodejs": ToolVersionList {
            plugin_name: "nodejs",
            versions: [
                ToolVersion {
                    plugin_name: "nodejs",
                    type: Version(
                        "16.0.1",
                    ),
                    rtv: None,
                    options: {},
                },
                ToolVersion {
                    plugin_name: "nodejs",
                    type: Version(
                        "18.0.1",
                    ),
                    rtv: None,
                    options: {},
                },
            ],
            requests: [
                Version(
                    "16.0.1",
                    {},
                ),
                Version(
                    "18.0.1",
                    {},
                ),
            ],
            source: RtxToml(
                "/tmp/.rtx.toml",
            ),
        },
    },
    source: Some(
        RtxToml(
            "/tmp/.rtx.toml",
        ),
    ),
    latest_versions: false,
}
